Sent request to TTT server (attempt 1/2, waiting ≤10 min)
[00.00] base 60.00% | adapter 60.00% ± 0.00% gain +0.00%
Sent request to TTT server (attempt 1/2, waiting ≤10 min)
[00.01] base 40.00% | adapter 60.00% ± 0.00% gain +20.00%
Sent request to TTT server (attempt 1/2, waiting ≤10 min)
[00.02] base 60.00% | adapter 60.00% ± 0.00% gain +0.00%
Article 00  base 53.33% | adapter 60.00% ± 0.00% gain +6.67%
[progress] overall (1 articles)  baseline 53.33% | adapter 60.00% | gain +6.67%
Sent request to TTT server (attempt 1/2, waiting ≤10 min)
[01.00] base 0.00% | adapter 0.00% ± 0.00% gain +0.00%
Sent request to TTT server (attempt 1/2, waiting ≤10 min)
[01.01] base 0.00% | adapter 0.00% ± 0.00% gain +0.00%
Sent request to TTT server (attempt 1/2, waiting ≤10 min)
[01.02] base 0.00% | adapter 0.00% ± 0.00% gain +0.00%
Article 01  base 0.00% | adapter 0.00% ± 0.00% gain +0.00%
[progress] overall (2 articles)  baseline 26.67% | adapter 30.00% | gain +3.33%
Sent request to TTT server (attempt 1/2, waiting ≤10 min)
[02.00] base 60.00% | adapter 60.00% ± 0.00% gain +0.00%
Sent request to TTT server (attempt 1/2, waiting ≤10 min)
[02.01] base 60.00% | adapter 60.00% ± 0.00% gain +0.00%
Sent request to TTT server (attempt 1/2, waiting ≤10 min)
[02.02] base 60.00% | adapter 60.00% ± 0.00% gain +0.00%
Article 02  base 60.00% | adapter 60.00% ± 0.00% gain +0.00%
[progress] overall (3 articles)  baseline 37.78% | adapter 40.00% | gain +2.22%
Sent request to TTT server (attempt 1/2, waiting ≤10 min)
[03.00] base 0.00% | adapter 0.00% ± 0.00% gain +0.00%
Sent request to TTT server (attempt 1/2, waiting ≤10 min)
[03.01] base 0.00% | adapter 0.00% ± 0.00% gain +0.00%
Sent request to TTT server (attempt 1/2, waiting ≤10 min)
[03.02] base 0.00% | adapter 0.00% ± 0.00% gain +0.00%
Article 03  base 0.00% | adapter 0.00% ± 0.00% gain +0.00%
[progress] overall (4 articles)  baseline 28.33% | adapter 30.00% | gain +1.67%
Sent request to TTT server (attempt 1/2, waiting ≤10 min)
[04.00] base 20.00% | adapter 20.00% ± 0.00% gain +0.00%
Sent request to TTT server (attempt 1/2, waiting ≤10 min)
[04.01] base 20.00% | adapter 20.00% ± 0.00% gain +0.00%
Sent request to TTT server (attempt 1/2, waiting ≤10 min)
[04.02] base 20.00% | adapter 20.00% ± 0.00% gain +0.00%
Article 04  base 20.00% | adapter 20.00% ± 0.00% gain +0.00%
[progress] overall (5 articles)  baseline 26.67% | adapter 28.00% | gain +1.33%
Sent request to TTT server (attempt 1/2, waiting ≤10 min)
[05.00] base 33.33% | adapter 33.33% ± 0.00% gain +0.00%
Sent request to TTT server (attempt 1/2, waiting ≤10 min)
[05.01] base 33.33% | adapter 33.33% ± 0.00% gain +0.00%
Sent request to TTT server (attempt 1/2, waiting ≤10 min)
[05.02] base 33.33% | adapter 33.33% ± 0.00% gain +0.00%
Article 05  base 33.33% | adapter 33.33% ± 0.00% gain +0.00%
[progress] overall (6 articles)  baseline 27.78% | adapter 28.89% | gain +1.11%
Sent request to TTT server (attempt 1/2, waiting ≤10 min)
[06.00] base 20.00% | adapter 20.00% ± 0.00% gain +0.00%
Sent request to TTT server (attempt 1/2, waiting ≤10 min)
[06.01] base 20.00% | adapter 20.00% ± 0.00% gain +0.00%
Sent request to TTT server (attempt 1/2, waiting ≤10 min)
[06.02] base 20.00% | adapter 20.00% ± 0.00% gain +0.00%
Article 06  base 20.00% | adapter 20.00% ± 0.00% gain +0.00%
[progress] overall (7 articles)  baseline 26.67% | adapter 27.62% | gain +0.95%
Sent request to TTT server (attempt 1/2, waiting ≤10 min)
[07.00] base 40.00% | adapter 40.00% ± 0.00% gain +0.00%
Sent request to TTT server (attempt 1/2, waiting ≤10 min)
[07.01] base 40.00% | adapter 40.00% ± 0.00% gain +0.00%
Sent request to TTT server (attempt 1/2, waiting ≤10 min)
[07.02] base 40.00% | adapter 40.00% ± 0.00% gain +0.00%
Article 07  base 40.00% | adapter 40.00% ± 0.00% gain +0.00%
[progress] overall (8 articles)  baseline 28.33% | adapter 29.17% | gain +0.83%
Sent request to TTT server (attempt 1/2, waiting ≤10 min)
[08.00] base 60.00% | adapter 60.00% ± 0.00% gain +0.00%
Sent request to TTT server (attempt 1/2, waiting ≤10 min)
[08.01] base 60.00% | adapter 60.00% ± 0.00% gain +0.00%
Sent request to TTT server (attempt 1/2, waiting ≤10 min)
[08.02] base 60.00% | adapter 60.00% ± 0.00% gain +0.00%
Article 08  base 60.00% | adapter 60.00% ± 0.00% gain +0.00%
[progress] overall (9 articles)  baseline 31.85% | adapter 32.59% | gain +0.74%
Sent request to TTT server (attempt 1/2, waiting ≤10 min)
[09.00] base 50.00% | adapter 50.00% ± 0.00% gain +0.00%
Sent request to TTT server (attempt 1/2, waiting ≤10 min)
[09.01] base 50.00% | adapter 50.00% ± 0.00% gain +0.00%
Sent request to TTT server (attempt 1/2, waiting ≤10 min)
[09.02] base 50.00% | adapter 50.00% ± 0.00% gain +0.00%
Article 09  base 50.00% | adapter 50.00% ± 0.00% gain +0.00%
[progress] overall (10 articles)  baseline 33.67% | adapter 34.33% | gain +0.67%

Wrote summary → knowledge-incorporation/mlx_experiments/results/compare_0630_0037/fused/run_0630_020650.json
