Sent request to TTT server (attempt 1/2, waiting ≤10 min)
[00.00] base 40.00% | adapter 40.00% ± 0.00% gain +0.00%
Sent request to TTT server (attempt 1/2, waiting ≤10 min)
[00.01] base 40.00% | adapter 40.00% ± 0.00% gain +0.00%
Sent request to TTT server (attempt 1/2, waiting ≤10 min)
[00.02] base 40.00% | adapter 40.00% ± 0.00% gain +0.00%
Article 00  base 40.00% | adapter 40.00% ± 0.00% gain +0.00%
[progress] overall (1 articles)  baseline 40.00% | adapter 40.00% | gain +0.00%
Sent request to TTT server (attempt 1/2, waiting ≤10 min)
[01.00] base 0.00% | adapter 0.00% ± 0.00% gain +0.00%
Sent request to TTT server (attempt 1/2, waiting ≤10 min)
[01.01] base 0.00% | adapter 0.00% ± 0.00% gain +0.00%
Sent request to TTT server (attempt 1/2, waiting ≤10 min)
[01.02] base 0.00% | adapter 0.00% ± 0.00% gain +0.00%
Article 01  base 0.00% | adapter 0.00% ± 0.00% gain +0.00%
[progress] overall (2 articles)  baseline 20.00% | adapter 20.00% | gain +0.00%
Sent request to TTT server (attempt 1/2, waiting ≤10 min)
[02.00] base 60.00% | adapter 60.00% ± 0.00% gain +0.00%
Sent request to TTT server (attempt 1/2, waiting ≤10 min)
[02.01] base 40.00% | adapter 40.00% ± 0.00% gain +0.00%
Sent request to TTT server (attempt 1/2, waiting ≤10 min)
[02.02] base 60.00% | adapter 40.00% ± 0.00% gain -20.00%
Article 02  base 53.33% | adapter 46.67% ± 11.55% gain -6.67%
[progress] overall (3 articles)  baseline 31.11% | adapter 28.89% | gain -2.22%
Sent request to TTT server (attempt 1/2, waiting ≤10 min)
[03.00] base 50.00% | adapter 50.00% ± 0.00% gain +0.00%
Sent request to TTT server (attempt 1/2, waiting ≤10 min)
[03.01] base 50.00% | adapter 50.00% ± 0.00% gain +0.00%
Sent request to TTT server (attempt 1/2, waiting ≤10 min)
[03.02] base 50.00% | adapter 50.00% ± 0.00% gain +0.00%
Article 03  base 50.00% | adapter 50.00% ± 0.00% gain +0.00%
[progress] overall (4 articles)  baseline 35.83% | adapter 34.17% | gain -1.67%
Sent request to TTT server (attempt 1/2, waiting ≤10 min)
[04.00] base 0.00% | adapter 20.00% ± 0.00% gain +20.00%
Sent request to TTT server (attempt 1/2, waiting ≤10 min)
[04.01] base 0.00% | adapter 20.00% ± 0.00% gain +20.00%
Sent request to TTT server (attempt 1/2, waiting ≤10 min)
[04.02] base 0.00% | adapter 20.00% ± 0.00% gain +20.00%
Article 04  base 0.00% | adapter 20.00% ± 0.00% gain +20.00%
[progress] overall (5 articles)  baseline 28.67% | adapter 31.33% | gain +2.67%
Sent request to TTT server (attempt 1/2, waiting ≤10 min)
[05.00] base 33.33% | adapter 33.33% ± 0.00% gain +0.00%
Sent request to TTT server (attempt 1/2, waiting ≤10 min)
[05.01] base 33.33% | adapter 33.33% ± 0.00% gain +0.00%
Sent request to TTT server (attempt 1/2, waiting ≤10 min)
[05.02] base 33.33% | adapter 33.33% ± 0.00% gain +0.00%
Article 05  base 33.33% | adapter 33.33% ± 0.00% gain +0.00%
[progress] overall (6 articles)  baseline 29.44% | adapter 31.67% | gain +2.22%
Sent request to TTT server (attempt 1/2, waiting ≤10 min)
[06.00] base 20.00% | adapter 20.00% ± 0.00% gain +0.00%
Sent request to TTT server (attempt 1/2, waiting ≤10 min)
[06.01] base 20.00% | adapter 20.00% ± 0.00% gain +0.00%
Sent request to TTT server (attempt 1/2, waiting ≤10 min)
[06.02] base 20.00% | adapter 20.00% ± 0.00% gain +0.00%
Article 06  base 20.00% | adapter 20.00% ± 0.00% gain +0.00%
[progress] overall (7 articles)  baseline 28.09% | adapter 30.00% | gain +1.90%
Sent request to TTT server (attempt 1/2, waiting ≤10 min)
[07.00] base 20.00% | adapter 20.00% ± 0.00% gain +0.00%
Sent request to TTT server (attempt 1/2, waiting ≤10 min)
[07.01] base 20.00% | adapter 20.00% ± 0.00% gain +0.00%
Sent request to TTT server (attempt 1/2, waiting ≤10 min)
[07.02] base 20.00% | adapter 20.00% ± 0.00% gain +0.00%
Article 07  base 20.00% | adapter 20.00% ± 0.00% gain +0.00%
[progress] overall (8 articles)  baseline 27.08% | adapter 28.75% | gain +1.67%
Sent request to TTT server (attempt 1/2, waiting ≤10 min)
[08.00] base 60.00% | adapter 40.00% ± 0.00% gain -20.00%
Sent request to TTT server (attempt 1/2, waiting ≤10 min)
[08.01] base 60.00% | adapter 60.00% ± 0.00% gain +0.00%
Sent request to TTT server (attempt 1/2, waiting ≤10 min)
[08.02] base 60.00% | adapter 60.00% ± 0.00% gain +0.00%
Article 08  base 60.00% | adapter 53.33% ± 11.55% gain -6.67%
[progress] overall (9 articles)  baseline 30.74% | adapter 31.48% | gain +0.74%
Sent request to TTT server (attempt 1/2, waiting ≤10 min)
[09.00] base 50.00% | adapter 50.00% ± 0.00% gain +0.00%
Sent request to TTT server (attempt 1/2, waiting ≤10 min)
[09.01] base 50.00% | adapter 50.00% ± 0.00% gain +0.00%
Sent request to TTT server (attempt 1/2, waiting ≤10 min)
[09.02] base 50.00% | adapter 50.00% ± 0.00% gain +0.00%
Article 09  base 50.00% | adapter 50.00% ± 0.00% gain +0.00%
[progress] overall (10 articles)  baseline 32.67% | adapter 33.33% | gain +0.67%

Wrote summary → knowledge-incorporation/mlx_experiments/results/compare_0630_0037/baseline/run_0630_012227.json
